=== CYBRA SYNC Tue May 26 09:49:15 EEST 2026 ===
Already up to date.
=== CYBRA SYNC Tue May 26 09:50:17 EEST 2026 ===
Already up to date.
=== CYBRA SYNC Tue May 26 09:51:18 EEST 2026 ===
Already up to date.
=== CYBRA SYNC Tue May 26 09:52:19 EEST 2026 ===
Already up to date.
=== CYBRA SYNC Tue May 26 09:53:24 EEST 2026 ===
Already up to date.
=== CYBRA SYNC Tue May 26 09:54:28 EEST 2026 ===
Already up to date.
=== CYBRA SYNC Tue May 26 09:55:35 EEST 2026 ===
Already up to date.
=== CYBRA SYNC Tue May 26 09:56:40 EEST 2026 ===
Already up to date.
=== CYBRA SYNC Tue May 26 09:57:46 EEST 2026 ===
Already up to date.
=== CYBRA SYNC Tue May 26 09:58:51 EEST 2026 ===
Already up to date.
=== CYBRA SYNC Tue May 26 09:59:57 EEST 2026 ===
Already up to date.
=== CYBRA SYNC Tue May 26 10:01:09 EEST 2026 ===
Already up to date.
=== CYBRA SYNC Tue May 26 10:02:15 EEST 2026 ===
Already up to date.
=== CYBRA SYNC Tue May 26 10:03:20 EEST 2026 ===
Already up to date.
=== CYBRA SYNC Tue May 26 10:04:22 EEST 2026 ===
Already up to date.
=== CYBRA SYNC Tue May 26 10:05:28 EEST 2026 ===
Already up to date.
=== CYBRA SYNC Tue May 26 10:06:33 EEST 2026 ===
Already up to date.
=== CYBRA SYNC Tue May 26 10:07:38 EEST 2026 ===
Already up to date.
=== CYBRA SYNC Tue May 26 10:08:40 EEST 2026 ===
Already up to date.
=== CYBRA SYNC Tue May 26 10:09:47 EEST 2026 ===
Already up to date.
=== CYBRA SYNC Tue May 26 10:10:52 EEST 2026 ===
Already up to date.
=== CYBRA SYNC Tue May 26 10:11:57 EEST 2026 ===
Already up to date.
=== CYBRA SYNC Tue May 26 10:13:00 EEST 2026 ===
Already up to date.
=== CYBRA SYNC Tue May 26 10:14:06 EEST 2026 ===
Already up to date.
=== CYBRA SYNC Tue May 26 10:15:11 EEST 2026 ===
Already up to date.
=== CYBRA SYNC Tue May 26 10:16:14 EEST 2026 ===
Already up to date.
=== CYBRA SYNC Tue May 26 10:17:21 EEST 2026 ===
Already up to date.
=== CYBRA SYNC Tue May 26 10:18:25 EEST 2026 ===
Already up to date.
=== CYBRA SYNC Tue May 26 10:19:30 EEST 2026 ===
Already up to date.
=== CYBRA SYNC Tue May 26 10:20:38 EEST 2026 ===
Already up to date.
=== CYBRA SYNC Tue May 26 10:21:43 EEST 2026 ===
Already up to date.
=== CYBRA SYNC Tue May 26 10:22:56 EEST 2026 ===
Already up to date.
=== CYBRA SYNC Tue May 26 10:24:01 EEST 2026 ===
Already up to date.
=== CYBRA SYNC Tue May 26 10:25:08 EEST 2026 ===
Already up to date.
=== CYBRA SYNC Tue May 26 10:26:12 EEST 2026 ===
Already up to date.
=== CYBRA SYNC Tue May 26 10:27:16 EEST 2026 ===
Already up to date.
=== CYBRA SYNC Tue May 26 10:28:18 EEST 2026 ===
Already up to date.
=== CYBRA SYNC Tue May 26 10:29:22 EEST 2026 ===
Already up to date.
=== CYBRA SYNC Tue May 26 10:30:24 EEST 2026 ===
Already up to date.
=== CYBRA SYNC Tue May 26 10:31:28 EEST 2026 ===
Already up to date.
=== CYBRA SYNC Tue May 26 10:32:34 EEST 2026 ===
Already up to date.
=== CYBRA SYNC Tue May 26 10:33:42 EEST 2026 ===
Already up to date.
=== CYBRA SYNC Tue May 26 10:34:46 EEST 2026 ===
Already up to date.
=== CYBRA SYNC Tue May 26 10:35:48 EEST 2026 ===
Already up to date.
=== CYBRA SYNC Tue May 26 10:36:50 EEST 2026 ===
Already up to date.
=== CYBRA SYNC Tue May 26 10:37:51 EEST 2026 ===
Already up to date.
=== CYBRA SYNC Tue May 26 10:38:52 EEST 2026 ===
Already up to date.
=== CYBRA SYNC Tue May 26 10:39:54 EEST 2026 ===
Already up to date.
=== CYBRA SYNC Tue May 26 10:40:55 EEST 2026 ===
Already up to date.
=== CYBRA SYNC Tue May 26 10:41:56 EEST 2026 ===
Already up to date.
=== CYBRA SYNC Tue May 26 10:42:59 EEST 2026 ===
From https://github.com/Lubnysash1980/CYBRA
   cd5f9fc76..cd5ebd661  main       -> origin/main
Updating cd5f9fc76..cd5ebd661
Fast-forward
 create_native_token_ecosystem.sh        | 65 +++++++++++++++++++++++++++++++++
 native_tokens/CYBRA/chain/genesis.json  |  7 ++++
 native_tokens/CYBRA/metadata/token.json |  9 +++++
 native_tokens/CYBRA/pools/pools.json    |  6 +++
 posts/native_token_status.md            |  9 +++++
 proofs/native_tokens_hashes.txt         |  3 ++
 site/index.html                         |  4 ++
 7 files changed, 103 insertions(+)
 create mode 100755 create_native_token_ecosystem.sh
 create mode 100644 native_tokens/CYBRA/chain/genesis.json
 create mode 100644 native_tokens/CYBRA/metadata/token.json
 create mode 100644 native_tokens/CYBRA/pools/pools.json
 create mode 100644 posts/native_token_status.md
 create mode 100644 proofs/native_tokens_hashes.txt
 create mode 100644 site/index.html
=== CYBRA SYNC Tue May 26 10:44:02 EEST 2026 ===
From https://github.com/Lubnysash1980/CYBRA
   cd5ebd661..01085a957  main       -> origin/main
Updating cd5ebd661..01085a957
Fast-forward
 hash_storage/root_hash.json | 408 ++++++++++++++++++++++----------------------
 1 file changed, 204 insertions(+), 204 deletions(-)
=== CYBRA SYNC Tue May 26 10:45:10 EEST 2026 ===
Already up to date.
=== CYBRA SYNC Tue May 26 10:46:13 EEST 2026 ===
Already up to date.
=== CYBRA SYNC Tue May 26 10:47:14 EEST 2026 ===
Already up to date.
=== CYBRA SYNC Tue May 26 10:48:15 EEST 2026 ===
Already up to date.
=== CYBRA SYNC Tue May 26 10:49:20 EEST 2026 ===
Already up to date.
=== CYBRA SYNC Tue May 26 10:50:25 EEST 2026 ===
Already up to date.
=== CYBRA SYNC Tue May 26 10:51:30 EEST 2026 ===
Already up to date.
=== CYBRA SYNC Tue May 26 10:52:34 EEST 2026 ===
Already up to date.
=== CYBRA SYNC Tue May 26 10:53:39 EEST 2026 ===
Already up to date.
=== CYBRA SYNC Tue May 26 10:54:43 EEST 2026 ===
Already up to date.
=== CYBRA SYNC Tue May 26 10:55:48 EEST 2026 ===
Already up to date.
=== CYBRA SYNC Tue May 26 10:56:54 EEST 2026 ===
Already up to date.
=== CYBRA SYNC Tue May 26 10:57:59 EEST 2026 ===
Already up to date.
=== CYBRA SYNC Tue May 26 10:59:04 EEST 2026 ===
Already up to date.
=== CYBRA SYNC Tue May 26 11:00:07 EEST 2026 ===
Already up to date.
=== CYBRA SYNC Tue May 26 11:01:12 EEST 2026 ===
Already up to date.
=== CYBRA SYNC Tue May 26 11:02:18 EEST 2026 ===
fatal: unable to access 'https://github.com/Lubnysash1980/CYBRA.git/': Could not resolve host: github.com
=== CYBRA SYNC Tue May 26 11:03:27 EEST 2026 ===
Already up to date.
=== CYBRA SYNC Tue May 26 11:04:31 EEST 2026 ===
Already up to date.
=== CYBRA SYNC Tue May 26 11:05:36 EEST 2026 ===
Already up to date.
=== CYBRA SYNC Tue May 26 11:06:47 EEST 2026 ===
Already up to date.
=== CYBRA SYNC Tue May 26 11:07:58 EEST 2026 ===
Already up to date.
=== CYBRA SYNC Tue May 26 11:09:04 EEST 2026 ===
Already up to date.
=== CYBRA SYNC Tue May 26 11:10:13 EEST 2026 ===
Current branch main is up to date.
=== CYBRA SYNC Tue May 26 11:11:16 EEST 2026 ===
Already up to date.
=== CYBRA SYNC Tue May 26 11:12:20 EEST 2026 ===
Already up to date.
=== CYBRA SYNC Tue May 26 11:13:25 EEST 2026 ===
Already up to date.
=== CYBRA SYNC Tue May 26 11:14:30 EEST 2026 ===
Already up to date.
=== CYBRA SYNC Tue May 26 11:15:36 EEST 2026 ===
Already up to date.
